#!/bin/bash
# No mail specified - added by submitfilter
#PBS -m n
# No vmem limit specified - added by submitfilter (server found: delcatty)
#PBS -l vmem=4897988864
hostname
